current directory: /home/runner/work/sm_app_config/sm_app_config/vendor/bundle/ruby/3.2.0/gems/json-2.13.2/ext/json/ext/parser
/usr/bin/ruby3.2 -I/usr/lib/ruby/vendor_ruby extconf.rb
checking for rb_enc_interned_str() in ruby/encoding.h... yes
checking for rb_hash_new_capa() in ruby.h... yes
checking for rb_hash_bulk_insert() in ruby.h... yes
checking for strnlen() in string.h... yes
checking for whether -std=c99 is accepted as CFLAGS... yes
checking for x86intrin.h... yes
checking for cpuid.h... yes
creating Makefile

current directory: /home/runner/work/sm_app_config/sm_app_config/vendor/bundle/ruby/3.2.0/gems/json-2.13.2/ext/json/ext/parser
make DESTDIR\= sitearchdir\=./.gem.20250731-3360-tddec0 sitelibdir\=./.gem.20250731-3360-tddec0 clean

current directory: /home/runner/work/sm_app_config/sm_app_config/vendor/bundle/ruby/3.2.0/gems/json-2.13.2/ext/json/ext/parser
make DESTDIR\= sitearchdir\=./.gem.20250731-3360-tddec0 sitelibdir\=./.gem.20250731-3360-tddec0
compiling parser.c
linking shared-object json/ext/parser.so

current directory: /home/runner/work/sm_app_config/sm_app_config/vendor/bundle/ruby/3.2.0/gems/json-2.13.2/ext/json/ext/parser
make DESTDIR\= sitearchdir\=./.gem.20250731-3360-tddec0 sitelibdir\=./.gem.20250731-3360-tddec0 install
/usr/bin/install -c -m 0755 parser.so ./.gem.20250731-3360-tddec0/json/ext

current directory: /home/runner/work/sm_app_config/sm_app_config/vendor/bundle/ruby/3.2.0/gems/json-2.13.2/ext/json/ext/parser
make DESTDIR\= sitearchdir\=./.gem.20250731-3360-tddec0 sitelibdir\=./.gem.20250731-3360-tddec0 clean
